#-----------------------------------------------------------
# Vivado v2024.1 (64-bit)
# SW Build 5076996 on Wed May 22 18:37:14 MDT 2024
# IP Build 5075265 on Wed May 22 21:45:21 MDT 2024
# SharedData Build 5076995 on Wed May 22 18:29:18 MDT 2024
# Start of session at: Thu Nov 28 11:07:53 2024
# Process ID: 19688
# Current directory: C:/Users/mariu/Downloads/JSTCK
# Command line: vivado.exe -gui_launcher_event rodinguilauncherevent18220 C:\Users\mariu\Downloads\JSTCK\JSTCK.xpr
# Log file: C:/Users/mariu/Downloads/JSTCK/vivado.log
# Journal file: C:/Users/mariu/Downloads/JSTCK\vivado.jou
# Running On        :Mario
# Platform          :Windows Server 2016 or Windows 10
# Operating System  :22631
# Processor Detail  :11th Gen Intel(R) Core(TM) i5-1135G7 @ 2.40GHz
# CPU Frequency     :2419 MHz
# CPU Physical cores:4
# CPU Logical cores :8
# Host memory       :8266 MB
# Swap memory       :10200 MB
# Total Virtual     :18467 MB
# Available Virtual :6547 MB
#-----------------------------------------------------------
start_gui
open_project C:/Users/mariu/Downloads/JSTCK/JSTCK.xpr
update_compile_order -fileset sources_1
reset_run synth_1
launch_runs synth_1 -jobs 8
wait_on_run synth_1
launch_runs impl_1 -jobs 8
wait_on_run impl_1
export_ip_user_files -of_objects  [get_files C:/Users/mariu/Downloads/JSTCK/JSTCK.srcs/constrs_1/new/PmodJSTK_constraints.xdc] -no_script -reset -force -quiet
remove_files  -fileset constrs_1 C:/Users/mariu/Downloads/JSTCK/JSTCK.srcs/constrs_1/new/PmodJSTK_constraints.xdc
reset_run synth_1
launch_runs synth_1 -jobs 8
wait_on_run synth_1
launch_runs impl_1 -jobs 8
wait_on_run impl_1
synth_design -rtl -rtl_skip_mlo -name rtl_1
reset_run impl_1
