#-----------------------------------------------------------
# Vivado v2024.1 (64-bit)
# SW Build 5076996 on Wed May 22 18:37:14 MDT 2024
# IP Build 5075265 on Wed May 22 21:45:21 MDT 2024
# SharedData Build 5076995 on Wed May 22 18:29:18 MDT 2024
# Start of session at: Fri Dec 20 22:12:55 2024
# Process ID: 3956
# Current directory: C:/Users/mariu/Downloads/SnakeGame
# Command line: vivado.exe -gui_launcher_event rodinguilauncherevent18080 C:\Users\mariu\Downloads\SnakeGame\SnakeGame.xpr
# Log file: C:/Users/mariu/Downloads/SnakeGame/vivado.log
# Journal file: C:/Users/mariu/Downloads/SnakeGame\vivado.jou
# Running On        :Mario
# Platform          :Windows Server 2016 or Windows 10
# Operating System  :22631
# Processor Detail  :11th Gen Intel(R) Core(TM) i5-1135G7 @ 2.40GHz
# CPU Frequency     :2419 MHz
# CPU Physical cores:4
# CPU Logical cores :8
# Host memory       :8266 MB
# Swap memory       :10737 MB
# Total Virtual     :19004 MB
# Available Virtual :6389 MB
#-----------------------------------------------------------
start_gui
open_project C:/Users/mariu/Downloads/SnakeGame/SnakeGame.xpr
update_compile_order -fileset sources_1
open_hw_manager
open_run synth_1 -name synth_1
reset_run synth_1
launch_runs impl_1 -to_step write_bitstream -jobs 8
reset_run synth_1
launch_runs impl_1 -to_step write_bitstream -jobs 8
wait_on_run impl_1
reset_run synth_1
launch_runs impl_1 -to_step write_bitstream -jobs 8
wait_on_run impl_1
reset_run synth_1
launch_runs impl_1 -to_step write_bitstream -jobs 8
wait_on_run impl_1
open_run impl_1
create_dataflow_design
synth_design -rtl -rtl_skip_mlo -name rtl_1
synth_design -rtl -rtl_skip_mlo -name rtl_1
close_design
synth_design -rtl -rtl_skip_mlo -name rtl_1
current_design impl_1
set_property target_constrs_file C:/Users/mariu/Downloads/SnakeGame/SnakeGame.srcs/constrs_1/imports/new/Nexys-4-DDR-Master.xdc [current_fileset -constrset]
create_dataflow_design
reset_run synth_1
launch_runs synth_1 -jobs 8
wait_on_run synth_1
current_design synth_1
close_design
open_run synth_1 -name synth_1
launch_runs impl_1 -to_step write_bitstream -jobs 8
wait_on_run impl_1
